// Jest Snapshot v1, https://goo.gl/fbAQLP

exports[`RotationsListSectionComponent renders component layout 1`] = `
<div
  class="list-section"
>
  <div
    class="list-item list-item-empty clearfix"
  >
    <span
      class="details-cell gl-display-flex gl-justify-content-space-between gl-align-items-center gl-pl-3"
    >
      <span
        class="gl-str-truncated"
      >
        Rotation 242
      </span>
       
      <gl-button-group-stub
        class="gl-px-2"
      >
        <gl-button-stub
          aria-label="Edit rotation"
          buttontextclasses=""
          category="tertiary"
          icon="pencil"
          role="button"
          size="medium"
          tabindex="0"
          title="Edit rotation"
          variant="default"
        />
         
        <gl-button-stub
          aria-label="Delete rotation"
          buttontextclasses=""
          category="tertiary"
          icon="remove"
          role="button"
          size="medium"
          tabindex="0"
          title="Delete rotation"
          variant="default"
        />
      </gl-button-group-stub>
    </span>
     
    <span
      class="timeline-cell"
      data-testid="timelineCell"
    >
      <current-day-indicator-stub
        presettype="WEEKS"
        timeframeitem="Mon Jan 01 2018 00:00:00 GMT+0000 (Greenwich Mean Time)"
      />
    </span>
    <span
      class="timeline-cell"
      data-testid="timelineCell"
    >
      <current-day-indicator-stub
        presettype="WEEKS"
        timeframeitem="Mon Jan 08 2018 00:00:00 GMT+0000 (Greenwich Mean Time)"
      />
    </span>
  </div>
  <div
    class="list-item list-item-empty clearfix"
  >
    <span
      class="details-cell gl-display-flex gl-justify-content-space-between gl-align-items-center gl-pl-3"
    >
      <span
        class="gl-str-truncated"
      >
        Rotation 244
      </span>
       
      <gl-button-group-stub
        class="gl-px-2"
      >
        <gl-button-stub
          aria-label="Edit rotation"
          buttontextclasses=""
          category="tertiary"
          icon="pencil"
          role="button"
          size="medium"
          tabindex="0"
          title="Edit rotation"
          variant="default"
        />
         
        <gl-button-stub
          aria-label="Delete rotation"
          buttontextclasses=""
          category="tertiary"
          icon="remove"
          role="button"
          size="medium"
          tabindex="0"
          title="Delete rotation"
          variant="default"
        />
      </gl-button-group-stub>
    </span>
     
    <span
      class="timeline-cell"
      data-testid="timelineCell"
    >
      <current-day-indicator-stub
        presettype="WEEKS"
        timeframeitem="Mon Jan 01 2018 00:00:00 GMT+0000 (Greenwich Mean Time)"
      />
    </span>
    <span
      class="timeline-cell"
      data-testid="timelineCell"
    >
      <current-day-indicator-stub
        presettype="WEEKS"
        timeframeitem="Mon Jan 08 2018 00:00:00 GMT+0000 (Greenwich Mean Time)"
      />
    </span>
  </div>
</div>
`;
