// Jest Snapshot v1, https://goo.gl/fbAQLP

exports[`AddRotationModal renders rotation modal layout 1`] = `
<gl-modal-stub
  actioncancel="[object Object]"
  actionprimary="[object Object]"
  modalclass="rotations-modal"
  modalid="addRotationModal"
  size="md"
  title="Add rotation"
  titletag="h4"
>
  <!---->
   
  <gl-form-stub>
    <div
      class="w-75 gl-xs-w-full!"
    >
      <gl-form-group-stub
        invalid-feedback="Rotation name cannot be empty"
        label="Name"
        label-for="rotation-name"
        label-size="sm"
        state="true"
      >
        <gl-form-input-stub
          id="rotation-name"
          value=""
        />
      </gl-form-group-stub>
       
      <gl-form-group-stub
        invalid-feedback="Rotation participants cannot be empty"
        label="Participants"
        label-for="rotation-participants"
        label-size="sm"
        state="true"
      >
        <gl-token-selector-stub
          autocomplete="off"
          containerclass="gl-h-13! gl-overflow-y-auto"
          dropdownitems=""
          selectedtokens=""
        />
      </gl-form-group-stub>
       
      <gl-form-group-stub
        label="Rotation length"
        label-for="rotation-length"
        label-size="sm"
      >
        <div
          class="gl-display-flex"
        >
          <gl-form-input-stub
            class="gl-w-12 gl-mr-3"
            id="rotation-length"
            min="1"
            type="number"
            value="1"
          />
           
          <gl-dropdown-stub
            category="primary"
            headertext=""
            size="medium"
            text="hours"
            variant="default"
          >
            <gl-dropdown-item-stub
              avatarurl=""
              iconcolor=""
              iconname=""
              iconrightarialabel=""
              iconrightname=""
              ischecked="true"
              ischeckitem="true"
              secondarytext=""
            >
              
              hours
            
            </gl-dropdown-item-stub>
            <gl-dropdown-item-stub
              avatarurl=""
              iconcolor=""
              iconname=""
              iconrightarialabel=""
              iconrightname=""
              ischeckitem="true"
              secondarytext=""
            >
              
              days
            
            </gl-dropdown-item-stub>
            <gl-dropdown-item-stub
              avatarurl=""
              iconcolor=""
              iconname=""
              iconrightarialabel=""
              iconrightname=""
              ischeckitem="true"
              secondarytext=""
            >
              
              weeks
            
            </gl-dropdown-item-stub>
          </gl-dropdown-stub>
        </div>
      </gl-form-group-stub>
       
      <gl-form-group-stub
        invalid-feedback="Rotation start date cannot be empty"
        label="Starts on"
        label-for="rotation-start-time"
        label-size="sm"
        state="true"
      >
        <div
          class="gl-display-flex gl-align-items-center"
        >
          <gl-datepicker-stub
            ariallabel=""
            autocomplete=""
            class="gl-mr-3"
            container=""
            displayfield="true"
            firstday="0"
            placeholder="YYYY-MM-DD"
            target=""
            theme=""
          />
           
          <span>
             at 
          </span>
           
          <gl-dropdown-stub
            category="primary"
            class="gl-w-12 gl-pl-3"
            headertext=""
            id="rotation-start-time"
            size="medium"
            text="00:00"
            variant="default"
          >
            <gl-dropdown-item-stub
              avatarurl=""
              iconcolor=""
              iconname=""
              iconrightarialabel=""
              iconrightname=""
              ischeckitem="true"
              secondarytext=""
            >
              <span
                class="gl-white-space-nowrap"
              >
                 01:00
              </span>
            </gl-dropdown-item-stub>
            <gl-dropdown-item-stub
              avatarurl=""
              iconcolor=""
              iconname=""
              iconrightarialabel=""
              iconrightname=""
              ischeckitem="true"
              secondarytext=""
            >
              <span
                class="gl-white-space-nowrap"
              >
                 02:00
              </span>
            </gl-dropdown-item-stub>
            <gl-dropdown-item-stub
              avatarurl=""
              iconcolor=""
              iconname=""
              iconrightarialabel=""
              iconrightname=""
              ischeckitem="true"
              secondarytext=""
            >
              <span
                class="gl-white-space-nowrap"
              >
                 03:00
              </span>
            </gl-dropdown-item-stub>
            <gl-dropdown-item-stub
              avatarurl=""
              iconcolor=""
              iconname=""
              iconrightarialabel=""
              iconrightname=""
              ischeckitem="true"
              secondarytext=""
            >
              <span
                class="gl-white-space-nowrap"
              >
                 04:00
              </span>
            </gl-dropdown-item-stub>
            <gl-dropdown-item-stub
              avatarurl=""
              iconcolor=""
              iconname=""
              iconrightarialabel=""
              iconrightname=""
              ischeckitem="true"
              secondarytext=""
            >
              <span
                class="gl-white-space-nowrap"
              >
                 05:00
              </span>
            </gl-dropdown-item-stub>
            <gl-dropdown-item-stub
              avatarurl=""
              iconcolor=""
              iconname=""
              iconrightarialabel=""
              iconrightname=""
              ischeckitem="true"
              secondarytext=""
            >
              <span
                class="gl-white-space-nowrap"
              >
                 06:00
              </span>
            </gl-dropdown-item-stub>
            <gl-dropdown-item-stub
              avatarurl=""
              iconcolor=""
              iconname=""
              iconrightarialabel=""
              iconrightname=""
              ischeckitem="true"
              secondarytext=""
            >
              <span
                class="gl-white-space-nowrap"
              >
                 07:00
              </span>
            </gl-dropdown-item-stub>
            <gl-dropdown-item-stub
              avatarurl=""
              iconcolor=""
              iconname=""
              iconrightarialabel=""
              iconrightname=""
              ischeckitem="true"
              secondarytext=""
            >
              <span
                class="gl-white-space-nowrap"
              >
                 08:00
              </span>
            </gl-dropdown-item-stub>
            <gl-dropdown-item-stub
              avatarurl=""
              iconcolor=""
              iconname=""
              iconrightarialabel=""
              iconrightname=""
              ischeckitem="true"
              secondarytext=""
            >
              <span
                class="gl-white-space-nowrap"
              >
                 09:00
              </span>
            </gl-dropdown-item-stub>
            <gl-dropdown-item-stub
              avatarurl=""
              iconcolor=""
              iconname=""
              iconrightarialabel=""
              iconrightname=""
              ischeckitem="true"
              secondarytext=""
            >
              <span
                class="gl-white-space-nowrap"
              >
                 10:00
              </span>
            </gl-dropdown-item-stub>
            <gl-dropdown-item-stub
              avatarurl=""
              iconcolor=""
              iconname=""
              iconrightarialabel=""
              iconrightname=""
              ischeckitem="true"
              secondarytext=""
            >
              <span
                class="gl-white-space-nowrap"
              >
                 11:00
              </span>
            </gl-dropdown-item-stub>
            <gl-dropdown-item-stub
              avatarurl=""
              iconcolor=""
              iconname=""
              iconrightarialabel=""
              iconrightname=""
              ischeckitem="true"
              secondarytext=""
            >
              <span
                class="gl-white-space-nowrap"
              >
                 12:00
              </span>
            </gl-dropdown-item-stub>
            <gl-dropdown-item-stub
              avatarurl=""
              iconcolor=""
              iconname=""
              iconrightarialabel=""
              iconrightname=""
              ischeckitem="true"
              secondarytext=""
            >
              <span
                class="gl-white-space-nowrap"
              >
                 13:00
              </span>
            </gl-dropdown-item-stub>
            <gl-dropdown-item-stub
              avatarurl=""
              iconcolor=""
              iconname=""
              iconrightarialabel=""
              iconrightname=""
              ischeckitem="true"
              secondarytext=""
            >
              <span
                class="gl-white-space-nowrap"
              >
                 14:00
              </span>
            </gl-dropdown-item-stub>
            <gl-dropdown-item-stub
              avatarurl=""
              iconcolor=""
              iconname=""
              iconrightarialabel=""
              iconrightname=""
              ischeckitem="true"
              secondarytext=""
            >
              <span
                class="gl-white-space-nowrap"
              >
                 15:00
              </span>
            </gl-dropdown-item-stub>
            <gl-dropdown-item-stub
              avatarurl=""
              iconcolor=""
              iconname=""
              iconrightarialabel=""
              iconrightname=""
              ischeckitem="true"
              secondarytext=""
            >
              <span
                class="gl-white-space-nowrap"
              >
                 16:00
              </span>
            </gl-dropdown-item-stub>
            <gl-dropdown-item-stub
              avatarurl=""
              iconcolor=""
              iconname=""
              iconrightarialabel=""
              iconrightname=""
              ischeckitem="true"
              secondarytext=""
            >
              <span
                class="gl-white-space-nowrap"
              >
                 17:00
              </span>
            </gl-dropdown-item-stub>
            <gl-dropdown-item-stub
              avatarurl=""
              iconcolor=""
              iconname=""
              iconrightarialabel=""
              iconrightname=""
              ischeckitem="true"
              secondarytext=""
            >
              <span
                class="gl-white-space-nowrap"
              >
                 18:00
              </span>
            </gl-dropdown-item-stub>
            <gl-dropdown-item-stub
              avatarurl=""
              iconcolor=""
              iconname=""
              iconrightarialabel=""
              iconrightname=""
              ischeckitem="true"
              secondarytext=""
            >
              <span
                class="gl-white-space-nowrap"
              >
                 19:00
              </span>
            </gl-dropdown-item-stub>
            <gl-dropdown-item-stub
              avatarurl=""
              iconcolor=""
              iconname=""
              iconrightarialabel=""
              iconrightname=""
              ischeckitem="true"
              secondarytext=""
            >
              <span
                class="gl-white-space-nowrap"
              >
                 20:00
              </span>
            </gl-dropdown-item-stub>
            <gl-dropdown-item-stub
              avatarurl=""
              iconcolor=""
              iconname=""
              iconrightarialabel=""
              iconrightname=""
              ischeckitem="true"
              secondarytext=""
            >
              <span
                class="gl-white-space-nowrap"
              >
                 21:00
              </span>
            </gl-dropdown-item-stub>
            <gl-dropdown-item-stub
              avatarurl=""
              iconcolor=""
              iconname=""
              iconrightarialabel=""
              iconrightname=""
              ischeckitem="true"
              secondarytext=""
            >
              <span
                class="gl-white-space-nowrap"
              >
                 22:00
              </span>
            </gl-dropdown-item-stub>
            <gl-dropdown-item-stub
              avatarurl=""
              iconcolor=""
              iconname=""
              iconrightarialabel=""
              iconrightname=""
              ischeckitem="true"
              secondarytext=""
            >
              <span
                class="gl-white-space-nowrap"
              >
                 23:00
              </span>
            </gl-dropdown-item-stub>
            <gl-dropdown-item-stub
              avatarurl=""
              iconcolor=""
              iconname=""
              iconrightarialabel=""
              iconrightname=""
              ischeckitem="true"
              secondarytext=""
            >
              <span
                class="gl-white-space-nowrap"
              >
                 24:00
              </span>
            </gl-dropdown-item-stub>
          </gl-dropdown-stub>
           
          <span
            class="gl-pl-5"
          >
             {
  "identifier": "Pacific/Honolulu"
} 
          </span>
        </div>
      </gl-form-group-stub>
    </div>
     
    <gl-toggle-stub
      class="gl-mb-5"
      label="Enable end date"
      labelposition="left"
    />
     
    <!---->
  </gl-form-stub>
</gl-modal-stub>
`;
